// Jest Snapshot v1, https://goo.gl/fbAQLP

exports[`packageJsonSchema is invalid 1`] = `[ValidationError: single value of "packageJson" fails because [child "package.json mangedKey: keywords" fails because ["package.json mangedKey: keywords" is not allowed]]]`;
