// Jest Snapshot v1, https://goo.gl/fbAQLP

exports[`packageJsonManager adds custom scripts when they do not exist prior 1`] = `
[
  [
    "<PROJECT_ROOT>/package.json",
    "{
  "version": "1.0.0",
  "description": "",
  "keywords": [],
  "license": "ISC",
  "private": true,
  "author": "",
  "main": "index.js",
  "scripts": {
    "lint.fix": "eslint --fix",
    "test": "echo /"Error: no test specified/" && exit 1"
  },
  "devDependencies": {},
  "dependencies": {}
}
",
  ],
]
`;

exports[`packageJsonManager removes empty npm defaults 1`] = `
[
  [
    "<PROJECT_ROOT>/package.json",
    "{
  "version": "1.0.0",
  "description": "",
  "keywords": [],
  "license": "",
  "private": true,
  "author": "",
  "main": "index.js",
  "scripts": {
    "lint.fix": "eslint --fix"
  },
  "devDependencies": {},
  "dependencies": {}
}
",
  ],
]
`;

exports[`packageJsonManager setting null does not always update packageJson if already removed 1`] = `[]`;
