// Jest Snapshot v1, https://goo.gl/fbAQLP

exports[`backupChangedFiles backups files with different hashes 1`] = `
[
  [
    "<PROJECT_ROOT>/nested/other.js",
    "<PROJECT_ROOT>/nested/other.js-backup-44c09b27.js",
    {
      "overwrite": false,
    },
  ],
]
`;

exports[`backupChangedFiles no previousStats - backup if file exists 1`] = `
[
  [
    "<PROJECT_ROOT>/nested/other.js",
    "<PROJECT_ROOT>/nested/other.js-backup-44c09b27.js",
    {
      "overwrite": false,
    },
  ],
]
`;
