// Jest Snapshot v1, https://goo.gl/fbAQLP

exports[`configManager throws when backtrack config is not found 1`] = `
Object {
  "exitCode": 1,
  "message": "backtrack config not found",
}
`;
